// Jest Snapshot v1, https://goo.gl/fbAQLP

exports[`Spartacus OMF Schematics: ng-add OMF feature eager loading should import appropriate modules 1`] = `
"import { NgModule } from '@angular/core';
import { OmfRootModule } from "@spartacus/omf/root";

@NgModule({
  declarations: [],
  imports: [
    OmfRootModule
  ]
})
export class OmfFeatureModule { }
"
`;

exports[`Spartacus OMF Schematics: ng-add OMF feature general setup should add the feature using the lazy loading syntax 1`] = `
"import { NgModule } from '@angular/core';
import { OmfRootModule } from "@spartacus/omf/root";

@NgModule({
  declarations: [],
  imports: [
    OmfRootModule
  ]
})
export class OmfFeatureModule { }
"
`;

exports[`Spartacus OMF Schematics: ng-add OMF feature general setup should install the appropriate dependencies 1`] = `""`;
